// Jest Snapshot v1, https://goo.gl/fbAQLP

exports[`<PokemonHomePage /> should render and match the snapshot 1`] = `
<div>
  <div
    id="content"
    style={
      Object {
        "background": "#ECECEC",
        "padding": "30px",
      }
    }
  >
    <div>
      <div
        className="ant-row"
        style={
          Object {
            "marginLeft": -12,
            "marginRight": -12,
          }
        }
      />
    </div>
  </div>
</div>
`;
